test_abort_committed_holds (test_authenticated_durable_pin_store.TestAuthenticatedDurableStore.test_abort_committed_holds) ... ok
test_abort_survives_restart (test_authenticated_durable_pin_store.TestAuthenticatedDurableStore.test_abort_survives_restart) ... ok
test_cas_rejects_wrong_old (test_authenticated_durable_pin_store.TestAuthenticatedDurableStore.test_cas_rejects_wrong_old) ... ok
test_coordinator_integrates_with_durable_store (test_authenticated_durable_pin_store.TestAuthenticatedDurableStore.test_coordinator_integrates_with_durable_store) ... ok
test_corrupt_pin_holds (test_authenticated_durable_pin_store.TestAuthenticatedDurableStore.test_corrupt_pin_holds) ... ok
test_crash_gap_recovered_after_external_store_restart (test_authenticated_durable_pin_store.TestAuthenticatedDurableStore.test_crash_gap_recovered_after_external_store_restart) ... ok
test_db_identity_change_holds (test_authenticated_durable_pin_store.TestAuthenticatedDurableStore.test_db_identity_change_holds) ... ok
test_duplicate_request_id_changed_payload_holds (test_authenticated_durable_pin_store.TestAuthenticatedDurableStore.test_duplicate_request_id_changed_payload_holds) ... ok
test_duplicate_request_id_same_payload_idempotent (test_authenticated_durable_pin_store.TestAuthenticatedDurableStore.test_duplicate_request_id_same_payload_idempotent) ... ok
test_genesis_snapshot (test_authenticated_durable_pin_store.TestAuthenticatedDurableStore.test_genesis_snapshot) ... ok
test_idempotent_prepare_commit_abort (test_authenticated_durable_pin_store.TestAuthenticatedDurableStore.test_idempotent_prepare_commit_abort) ... ok
test_independent_high_water_detects_store_rollback (test_authenticated_durable_pin_store.TestAuthenticatedDurableStore.test_independent_high_water_detects_store_rollback) ... ok
test_independent_pin_mismatch_same_count_holds (test_authenticated_durable_pin_store.TestAuthenticatedDurableStore.test_independent_pin_mismatch_same_count_holds) ... ok
test_invalid_independent_pin_holds (test_authenticated_durable_pin_store.TestAuthenticatedDurableStore.test_invalid_independent_pin_holds) ... ok
test_no_private_keys_stored_in_sqlite_schema (test_authenticated_durable_pin_store.TestAuthenticatedDurableStore.test_no_private_keys_stored_in_sqlite_schema) ... ok
test_non_monotonic_pin_holds (test_authenticated_durable_pin_store.TestAuthenticatedDurableStore.test_non_monotonic_pin_holds) ... ok
test_prepare_status_commit (test_authenticated_durable_pin_store.TestAuthenticatedDurableStore.test_prepare_status_commit) ... ok
test_prepared_tx_blocks_other_tx (test_authenticated_durable_pin_store.TestAuthenticatedDurableStore.test_prepared_tx_blocks_other_tx) ... ok
test_replay_response_to_different_request_holds (test_authenticated_durable_pin_store.TestAuthenticatedDurableStore.test_replay_response_to_different_request_holds) ... ok
test_restart_retains_committed_pin (test_authenticated_durable_pin_store.TestAuthenticatedDurableStore.test_restart_retains_committed_pin) ... ok
test_restart_retains_prepared_tx (test_authenticated_durable_pin_store.TestAuthenticatedDurableStore.test_restart_retains_prepared_tx) ... ok
test_txid_reuse_conflict (test_authenticated_durable_pin_store.TestAuthenticatedDurableStore.test_txid_reuse_conflict) ... ok
test_unsigned_tamper_request_holds (test_authenticated_durable_pin_store.TestAuthenticatedDurableStore.test_unsigned_tamper_request_holds) ... ok
test_unsigned_tamper_response_holds (test_authenticated_durable_pin_store.TestAuthenticatedDurableStore.test_unsigned_tamper_response_holds) ... ok
test_wrong_client_key_holds (test_authenticated_durable_pin_store.TestAuthenticatedDurableStore.test_wrong_client_key_holds) ... ok
test_wrong_server_identity_holds (test_authenticated_durable_pin_store.TestAuthenticatedDurableStore.test_wrong_server_identity_holds) ... ok
test_wrong_server_key_holds (test_authenticated_durable_pin_store.TestAuthenticatedDurableStore.test_wrong_server_key_holds) ... ok
test_base_response_invalid_holds_combined (test_independent_attestation.TestIndependentAttestation.test_base_response_invalid_holds_combined) ... ok
test_duplicate_content_length (test_independent_attestation.TestIndependentAttestation.test_duplicate_content_length) ... ok
test_duplicate_json_key_in_request_body (test_independent_attestation.TestIndependentAttestation.test_duplicate_json_key_in_request_body) ... ok
test_missing_signature (test_independent_attestation.TestIndependentAttestation.test_missing_signature) ... ok
test_missing_trust_anchor (test_independent_attestation.TestIndependentAttestation.test_missing_trust_anchor) ... ok
test_modified_signed_completion (test_independent_attestation.TestIndependentAttestation.test_modified_signed_completion) ... ok
test_modified_signed_run_id (test_independent_attestation.TestIndependentAttestation.test_modified_signed_run_id) ... ok
test_no_self_attested_trust_anchor (test_independent_attestation.TestIndependentAttestation.test_no_self_attested_trust_anchor) ... ok
test_no_trust_anchor_holds_combined (test_independent_attestation.TestIndependentAttestation.test_no_trust_anchor_holds_combined) ... ok
test_nonfinite_json_constant_in_request (test_independent_attestation.TestIndependentAttestation.test_nonfinite_json_constant_in_request) ... ok
test_request_byte_changed_after_hash (test_independent_attestation.TestIndependentAttestation.test_request_byte_changed_after_hash) ... ok
test_selector_body_mismatch_even_rehashed (test_independent_attestation.TestIndependentAttestation.test_selector_body_mismatch_even_rehashed) ... ok
test_synthetic_all_passes_offline (test_independent_attestation.TestIndependentAttestation.test_synthetic_all_passes_offline) ... ok
test_wrong_content_length (test_independent_attestation.TestIndependentAttestation.test_wrong_content_length) ... ok
test_wrong_http_method (test_independent_attestation.TestIndependentAttestation.test_wrong_http_method) ... ok
test_wrong_trust_anchor (test_independent_attestation.TestIndependentAttestation.test_wrong_trust_anchor) ... ok
test_analysis_and_capture_key_same_rejected (test_independent_capture_receipt.TestCaptureReceipt.test_analysis_and_capture_key_same_rejected) ... ok
test_base_provenance_failure_even_with_valid_receipt (test_independent_capture_receipt.TestCaptureReceipt.test_base_provenance_failure_even_with_valid_receipt) ... ok
test_boolean_status_not_accepted (test_independent_capture_receipt.TestCaptureReceipt.test_boolean_status_not_accepted) ... ok
test_capture_duration_exceeded (test_independent_capture_receipt.TestCaptureReceipt.test_capture_duration_exceeded) ... ok
test_capture_timestamp_mismatch (test_independent_capture_receipt.TestCaptureReceipt.test_capture_timestamp_mismatch) ... ok
test_duplicate_capture_id (test_independent_capture_receipt.TestCaptureReceipt.test_duplicate_capture_id) ... ok
test_early_capture (test_independent_capture_receipt.TestCaptureReceipt.test_early_capture) ... ok
test_invalid_capture_id (test_independent_capture_receipt.TestCaptureReceipt.test_invalid_capture_id) ... ok
test_invalid_status (test_independent_capture_receipt.TestCaptureReceipt.test_invalid_status) ... ok
test_malformed_receipt (test_independent_capture_receipt.TestCaptureReceipt.test_malformed_receipt) ... ok
test_missing_capture_field (test_independent_capture_receipt.TestCaptureReceipt.test_missing_capture_field) ... ok
test_missing_signature (test_independent_capture_receipt.TestCaptureReceipt.test_missing_signature) ... ok
test_synthetic_all_pass (test_independent_capture_receipt.TestCaptureReceipt.test_synthetic_all_pass) ... ok
test_unexpected_field (test_independent_capture_receipt.TestCaptureReceipt.test_unexpected_field) ... ok
test_unpinned_collector_id (test_independent_capture_receipt.TestCaptureReceipt.test_unpinned_collector_id) ... ok
test_unpinned_witness_key (test_independent_capture_receipt.TestCaptureReceipt.test_unpinned_witness_key) ... ok
test_unzoned_capture_time (test_independent_capture_receipt.TestCaptureReceipt.test_unzoned_capture_time) ... ok
test_wrong_analysis_attestation_hash (test_independent_capture_receipt.TestCaptureReceipt.test_wrong_analysis_attestation_hash) ... ok
test_wrong_auth (test_independent_capture_receipt.TestCaptureReceipt.test_wrong_auth) ... ok
test_wrong_model_hash (test_independent_capture_receipt.TestCaptureReceipt.test_wrong_model_hash) ... ok
test_wrong_path (test_independent_capture_receipt.TestCaptureReceipt.test_wrong_path) ... ok
test_wrong_request_hash (test_independent_capture_receipt.TestCaptureReceipt.test_wrong_request_hash) ... ok
test_wrong_response_hash (test_independent_capture_receipt.TestCaptureReceipt.test_wrong_response_hash) ... ok
test_wrong_run (test_independent_capture_receipt.TestCaptureReceipt.test_wrong_run) ... ok
test_wrong_signature (test_independent_capture_receipt.TestCaptureReceipt.test_wrong_signature) ... ok
test_anchor_fingerprint_mismatch (test_independent_checkpoint_anchor.TestIndependentCheckpointAnchor.test_anchor_fingerprint_mismatch) ... ok
test_blank_anchor_identity_rejected (test_independent_checkpoint_anchor.TestIndependentCheckpointAnchor.test_blank_anchor_identity_rejected) ... ok
test_blank_trusted_identity_rejected (test_independent_checkpoint_anchor.TestIndependentCheckpointAnchor.test_blank_trusted_identity_rejected) ... ok
test_bool_checkpoint_count_rejected (test_independent_checkpoint_anchor.TestIndependentCheckpointAnchor.test_bool_checkpoint_count_rejected) ... ok
test_expired_anchor (test_independent_checkpoint_anchor.TestIndependentCheckpointAnchor.test_expired_anchor) ... ok
test_forged_signature (test_independent_checkpoint_anchor.TestIndependentCheckpointAnchor.test_forged_signature) ... ok
test_full_rollback_with_old_signed_anchor_rejected_by_high_water (test_independent_checkpoint_anchor.TestIndependentCheckpointAnchor.test_full_rollback_with_old_signed_anchor_rejected_by_high_water) ... ok
test_invalid_oversized_window (test_independent_checkpoint_anchor.TestIndependentCheckpointAnchor.test_invalid_oversized_window) ... ok
test_invalid_signature_encoding (test_independent_checkpoint_anchor.TestIndependentCheckpointAnchor.test_invalid_signature_encoding) ... ok
test_local_record_tamper_detected (test_independent_checkpoint_anchor.TestIndependentCheckpointAnchor.test_local_record_tamper_detected) ... ok
test_mismatched_external_high_water (test_independent_checkpoint_anchor.TestIndependentCheckpointAnchor.test_mismatched_external_high_water) ... ok
test_missing_independent_policy (test_independent_checkpoint_anchor.TestIndependentCheckpointAnchor.test_missing_independent_policy) ... ok
test_no_secrets_or_private_key_in_anchor (test_independent_checkpoint_anchor.TestIndependentCheckpointAnchor.test_no_secrets_or_private_key_in_anchor) ... ok
test_not_yet_valid_anchor (test_independent_checkpoint_anchor.TestIndependentCheckpointAnchor.test_not_yet_valid_anchor) ... ok
test_registry_truncation_detected (test_independent_checkpoint_anchor.TestIndependentCheckpointAnchor.test_registry_truncation_detected) ... ok
test_tampered_anchor (test_independent_checkpoint_anchor.TestIndependentCheckpointAnchor.test_tampered_anchor) ... ok
test_unknown_extra_anchor_fields_rejected (test_independent_checkpoint_anchor.TestIndependentCheckpointAnchor.test_unknown_extra_anchor_fields_rejected) ... ok
test_untrusted_naive_clock (test_independent_checkpoint_anchor.TestIndependentCheckpointAnchor.test_untrusted_naive_clock) ... ok
test_valid_signed_genesis_anchor (test_independent_checkpoint_anchor.TestIndependentCheckpointAnchor.test_valid_signed_genesis_anchor) ... ok
test_valid_signed_one_entry_anchor (test_independent_checkpoint_anchor.TestIndependentCheckpointAnchor.test_valid_signed_one_entry_anchor) ... ok
test_wrong_anchor_id (test_independent_checkpoint_anchor.TestIndependentCheckpointAnchor.test_wrong_anchor_id) ... ok
test_wrong_public_key (test_independent_checkpoint_anchor.TestIndependentCheckpointAnchor.test_wrong_public_key) ... ok
test_wrong_registry_id (test_independent_checkpoint_anchor.TestIndependentCheckpointAnchor.test_wrong_registry_id) ... ok
test_wrong_trust_source (test_independent_checkpoint_anchor.TestIndependentCheckpointAnchor.test_wrong_trust_source) ... ok
test_empty_http_response_rejected (test_offline_evidence_handoff.TestOfflineEvidenceHandoff.test_empty_http_response_rejected) ... ok
test_extra_manifest_field_rejected (test_offline_evidence_handoff.TestOfflineEvidenceHandoff.test_extra_manifest_field_rejected) ... ok
test_forged_analysis_signature_rejected (test_offline_evidence_handoff.TestOfflineEvidenceHandoff.test_forged_analysis_signature_rejected) ... ok
test_forged_capture_signature_rejected (test_offline_evidence_handoff.TestOfflineEvidenceHandoff.test_forged_capture_signature_rejected) ... ok
test_invalid_manifest_version_rejected (test_offline_evidence_handoff.TestOfflineEvidenceHandoff.test_invalid_manifest_version_rejected) ... ok
test_manifest_wrong_checkpoint_rejected (test_offline_evidence_handoff.TestOfflineEvidenceHandoff.test_manifest_wrong_checkpoint_rejected) ... ok
test_missing_manifest_rejected (test_offline_evidence_handoff.TestOfflineEvidenceHandoff.test_missing_manifest_rejected) ... ok
test_modified_raw_request_rejected (test_offline_evidence_handoff.TestOfflineEvidenceHandoff.test_modified_raw_request_rejected) ... ok
test_no_raw_http_or_credentials_in_manifest (test_offline_evidence_handoff.TestOfflineEvidenceHandoff.test_no_raw_http_or_credentials_in_manifest) ... ok
test_registry_entry_absent_even_if_chain_anchored (test_offline_evidence_handoff.TestOfflineEvidenceHandoff.test_registry_entry_absent_even_if_chain_anchored) ... ok
test_registry_rollback_rejected (test_offline_evidence_handoff.TestOfflineEvidenceHandoff.test_registry_rollback_rejected) ... ok
test_registry_row_capture_id_mismatch_rejected (test_offline_evidence_handoff.TestOfflineEvidenceHandoff.test_registry_row_capture_id_mismatch_rejected) ... ok
test_signed_receipt_mismatch_rejected (test_offline_evidence_handoff.TestOfflineEvidenceHandoff.test_signed_receipt_mismatch_rejected) ... ok
test_stale_anchor_rejected (test_offline_evidence_handoff.TestOfflineEvidenceHandoff.test_stale_anchor_rejected) ... ok
test_synthetic_handoff_passes_only_offline (test_offline_evidence_handoff.TestOfflineEvidenceHandoff.test_synthetic_handoff_passes_only_offline) ... ok
test_unpinned_anchor_rejected (test_offline_evidence_handoff.TestOfflineEvidenceHandoff.test_unpinned_anchor_rejected) ... ok
test_untrusted_source_rejected (test_offline_evidence_handoff.TestOfflineEvidenceHandoff.test_untrusted_source_rejected) ... ok
test_wrong_anchor_signature_rejected (test_offline_evidence_handoff.TestOfflineEvidenceHandoff.test_wrong_anchor_signature_rejected) ... ok
test_wrong_manifest_capture_id_rejected (test_offline_evidence_handoff.TestOfflineEvidenceHandoff.test_wrong_manifest_capture_id_rejected) ... ok
test_wrong_manifest_request_hash_rejected (test_offline_evidence_handoff.TestOfflineEvidenceHandoff.test_wrong_manifest_request_hash_rejected) ... ok
test_end_to_end_commit (test_offline_remote_authority_protocol.TestRemoteProtocol.test_end_to_end_commit) ... ok
test_end_to_end_pinned_witness (test_offline_remote_authority_protocol.TestRemoteProtocol.test_end_to_end_pinned_witness) ... ok
test_end_to_end_snapshot (test_offline_remote_authority_protocol.TestRemoteProtocol.test_end_to_end_snapshot) ... ok
test_roundtrip (test_offline_remote_authority_protocol.TestRemoteProtocol.test_roundtrip) ... ok
test_wire_body_tampered (test_offline_remote_authority_protocol.TestRemoteProtocol.test_wire_body_tampered) ... ok
test_wire_duplicate_keys (test_offline_remote_authority_protocol.TestRemoteProtocol.test_wire_duplicate_keys) ... ok
test_wire_extra_field (test_offline_remote_authority_protocol.TestRemoteProtocol.test_wire_extra_field) ... ok
test_wire_malformed_request (test_offline_remote_authority_protocol.TestRemoteProtocol.test_wire_malformed_request) ... ok
test_wire_malformed_response (test_offline_remote_authority_protocol.TestRemoteProtocol.test_wire_malformed_response) ... ok
test_wire_noncanonical_body (test_offline_remote_authority_protocol.TestRemoteProtocol.test_wire_noncanonical_body) ... ok
test_wire_nonjson (test_offline_remote_authority_protocol.TestRemoteProtocol.test_wire_nonjson) ... ok
test_wire_oversized (test_offline_remote_authority_protocol.TestRemoteProtocol.test_wire_oversized) ... ok
test_wire_protocol_downgrade (test_offline_remote_authority_protocol.TestRemoteProtocol.test_wire_protocol_downgrade) ... ok
test_wire_tampered_response (test_offline_remote_authority_protocol.TestRemoteProtocol.test_wire_tampered_response) ... ok
test_wire_wrong_length (test_offline_remote_authority_protocol.TestRemoteProtocol.test_wire_wrong_length) ... ok
test_wire_wrong_type (test_offline_remote_authority_protocol.TestRemoteProtocol.test_wire_wrong_type) ... ok
test_witness_expired (test_offline_remote_authority_protocol.TestRemoteProtocol.test_witness_expired) ... ok
test_witness_extra_field (test_offline_remote_authority_protocol.TestRemoteProtocol.test_witness_extra_field) ... ok
test_witness_future (test_offline_remote_authority_protocol.TestRemoteProtocol.test_witness_future) ... ok
test_witness_invalid_checkpoint (test_offline_remote_authority_protocol.TestRemoteProtocol.test_witness_invalid_checkpoint) ... ok
test_witness_invalid_sequence (test_offline_remote_authority_protocol.TestRemoteProtocol.test_witness_invalid_sequence) ... ok
test_witness_rollback_detected_by_client (test_offline_remote_authority_protocol.TestRemoteProtocol.test_witness_rollback_detected_by_client) ... ok
test_witness_unpinned (test_offline_remote_authority_protocol.TestRemoteProtocol.test_witness_unpinned) ... ok
test_witness_valid (test_offline_remote_authority_protocol.TestRemoteProtocol.test_witness_valid) ... ok
test_witness_wrong_authority (test_offline_remote_authority_protocol.TestRemoteProtocol.test_witness_wrong_authority) ... ok
test_witness_wrong_key (test_offline_remote_authority_protocol.TestRemoteProtocol.test_witness_wrong_key) ... ok
test_witness_wrong_store (test_offline_remote_authority_protocol.TestRemoteProtocol.test_witness_wrong_store) ... ok
test_append_only_delete_trigger (test_offline_replay_registry.TestOfflineReplayRegistry.test_append_only_delete_trigger) ... ok
test_append_only_update_trigger (test_offline_replay_registry.TestOfflineReplayRegistry.test_append_only_update_trigger) ... ok
test_empty_registry_is_genesis (test_offline_replay_registry.TestOfflineReplayRegistry.test_empty_registry_is_genesis) ... ok
test_forged_signature_not_inserted (test_offline_replay_registry.TestOfflineReplayRegistry.test_forged_signature_not_inserted) ... ok
test_invalid_analysis_binding_not_inserted (test_offline_replay_registry.TestOfflineReplayRegistry.test_invalid_analysis_binding_not_inserted) ... ok
test_invalid_checkpoint_count_type (test_offline_replay_registry.TestOfflineReplayRegistry.test_invalid_checkpoint_count_type) ... ok
test_no_checkpoint_fails_closed (test_offline_replay_registry.TestOfflineReplayRegistry.test_no_checkpoint_fails_closed) ... ok
test_no_raw_payload_persisted (test_offline_replay_registry.TestOfflineReplayRegistry.test_no_raw_payload_persisted) ... ok
test_one_valid_synthetic_receipt_appended (test_offline_replay_registry.TestOfflineReplayRegistry.test_one_valid_synthetic_receipt_appended) ... ok
test_persistent_reopen_audit (test_offline_replay_registry.TestOfflineReplayRegistry.test_persistent_reopen_audit) ... ok
test_replay_duplicate_capture_id_fails (test_offline_replay_registry.TestOfflineReplayRegistry.test_replay_duplicate_capture_id_fails) ... ok
test_second_connection_stale_checkpoint_rejected (test_offline_replay_registry.TestOfflineReplayRegistry.test_second_connection_stale_checkpoint_rejected) ... ok
test_stale_pinned_checkpoint_fails (test_offline_replay_registry.TestOfflineReplayRegistry.test_stale_pinned_checkpoint_fails) ... ok
test_tamper_detected_even_after_trigger_bypass (test_offline_replay_registry.TestOfflineReplayRegistry.test_tamper_detected_even_after_trigger_bypass) ... ok
test_truncation_detected_only_with_independent_checkpoint (test_offline_replay_registry.TestOfflineReplayRegistry.test_truncation_detected_only_with_independent_checkpoint) ... ok
test_two_sequential_receipts_with_pinned_checkpoint (test_offline_replay_registry.TestOfflineReplayRegistry.test_two_sequential_receipts_with_pinned_checkpoint) ... ok
test_authorization_binding (test_offline_result_certifier.TestCrossGate.test_authorization_binding) ... ok
test_engineering_acceptance_must_be_false (test_offline_result_certifier.TestCrossGate.test_engineering_acceptance_must_be_false) ... ok
test_live_execution_lock (test_offline_result_certifier.TestCrossGate.test_live_execution_lock) ... ok
test_missing_analysis (test_offline_result_certifier.TestCrossGate.test_missing_analysis) ... ok
test_selector_mutation_even_if_hash_updated (test_offline_result_certifier.TestCrossGate.test_selector_mutation_even_if_hash_updated) ... ok
test_stale_response (test_offline_result_certifier.TestCrossGate.test_stale_response) ... ok
test_structural_fail_even_with_correct_hash (test_offline_result_certifier.TestCrossGate.test_structural_fail_even_with_correct_hash) ... ok
test_synthetic_valid (test_offline_result_certifier.TestCrossGate.test_synthetic_valid) ... ok
test_unzoned_time (test_offline_result_certifier.TestCrossGate.test_unzoned_time) ... ok
test_wrong_model_bytes (test_offline_result_certifier.TestCrossGate.test_wrong_model_bytes) ... ok
test_wrong_payload_hash (test_offline_result_certifier.TestCrossGate.test_wrong_payload_hash) ... ok
test_wrong_run_binding (test_offline_result_certifier.TestCrossGate.test_wrong_run_binding) ... ok
test_wrong_selector_hash (test_offline_result_certifier.TestCrossGate.test_wrong_selector_hash) ... ok
test_ambiguous_tables (test_offline_result_certifier.TestQuality.test_ambiguous_tables) ... ok
test_api_error_200 (test_offline_result_certifier.TestQuality.test_api_error_200) ... ok
test_duplicate_json_keys (test_offline_result_certifier.TestQuality.test_duplicate_json_keys) ... ok
test_empty_data (test_offline_result_certifier.TestQuality.test_empty_data) ... ok
test_empty_message (test_offline_result_certifier.TestQuality.test_empty_message) ... ok
test_empty_object (test_offline_result_certifier.TestQuality.test_empty_object) ... ok
test_empty_row (test_offline_result_certifier.TestQuality.test_empty_row) ... ok
test_missing_head (test_offline_result_certifier.TestQuality.test_missing_head) ... ok
test_missing_stage (test_offline_result_certifier.TestQuality.test_missing_stage) ... ok
test_nan_value (test_offline_result_certifier.TestQuality.test_nan_value) ... ok
test_official_shape_passes (test_offline_result_certifier.TestQuality.test_official_shape_passes) ... ok
test_wrong_load (test_offline_result_certifier.TestQuality.test_wrong_load) ... ok
test_wrong_node (test_offline_result_certifier.TestQuality.test_wrong_node) ... ok
test_abort_unavailable_holds (test_two_phase_checkpoint.TestTwoPhaseCheckpoint.test_abort_unavailable_holds) ... ok
test_bad_signature_rejected_before_prepare (test_two_phase_checkpoint.TestTwoPhaseCheckpoint.test_bad_signature_rejected_before_prepare) ... ok
test_commit_failure_blocks_next_append (test_two_phase_checkpoint.TestTwoPhaseCheckpoint.test_commit_failure_blocks_next_append) ... ok
test_commit_failure_recover_commit (test_two_phase_checkpoint.TestTwoPhaseCheckpoint.test_commit_failure_recover_commit) ... ok
test_divergent_external_reservation_holds (test_two_phase_checkpoint.TestTwoPhaseCheckpoint.test_divergent_external_reservation_holds) ... ok
test_duplicate_capture_rejected_without_new_pin (test_two_phase_checkpoint.TestTwoPhaseCheckpoint.test_duplicate_capture_rejected_without_new_pin) ... ok
test_exclusive_coordinator_lock_refuses_second_process (test_two_phase_checkpoint.TestTwoPhaseCheckpoint.test_exclusive_coordinator_lock_refuses_second_process) ... ok
test_external_commit_ahead_of_local_append_holds (test_two_phase_checkpoint.TestTwoPhaseCheckpoint.test_external_commit_ahead_of_local_append_holds) ... ok
test_external_commit_then_crash_before_journal_finish (test_two_phase_checkpoint.TestTwoPhaseCheckpoint.test_external_commit_then_crash_before_journal_finish) ... ok
test_external_pin_rollback_holds (test_two_phase_checkpoint.TestTwoPhaseCheckpoint.test_external_pin_rollback_holds) ... ok
test_genesis_stable (test_two_phase_checkpoint.TestTwoPhaseCheckpoint.test_genesis_stable) ... ok
test_local_tamper_holds (test_two_phase_checkpoint.TestTwoPhaseCheckpoint.test_local_tamper_holds) ... ok
test_normal_append (test_two_phase_checkpoint.TestTwoPhaseCheckpoint.test_normal_append) ... ok
test_prepare_failure_recover_abort (test_two_phase_checkpoint.TestTwoPhaseCheckpoint.test_prepare_failure_recover_abort) ... ok
test_prepare_reserved_but_not_appended_recover_abort (test_two_phase_checkpoint.TestTwoPhaseCheckpoint.test_prepare_reserved_but_not_appended_recover_abort) ... ok
test_reopen_recovery (test_two_phase_checkpoint.TestTwoPhaseCheckpoint.test_reopen_recovery) ... ok
test_two_appends (test_two_phase_checkpoint.TestTwoPhaseCheckpoint.test_two_appends) ... ok

----------------------------------------------------------------------
Ran 198 tests in 0.508s

OK
